[2025-03-03 06:55:09] install.log.INFO: Starting Server Checks [] []
[2025-03-03 06:55:09] install.log.INFO: Checking XML Parsing [] []
[2025-03-03 06:55:09] install.log.INFO: XML Parser Libraries Found [] []
[2025-03-03 06:55:09] install.log.INFO: Checking Upload File Size [] []
[2025-03-03 06:55:09] install.log.INFO: Upload File Size:8M [] []
[2025-03-03 06:55:09] install.log.INFO: Upload File Size more than 6291456 [] []
[2025-03-03 06:55:09] install.log.INFO: Checking PCRE Library [] []
[2025-03-03 06:55:09] install.log.INFO: PCRE Library Exists [] []
[2025-03-03 06:55:09] install.log.INFO: Checking for GD Library [] []
[2025-03-03 06:55:09] install.log.INFO: GD Library Found [] []
[2025-03-03 06:55:09] install.log.INFO: Checking required loaded extensions [] []
[2025-03-03 06:55:09] install.log.INFO: Checking if intl exists in loaded extensions [] []
[2025-03-03 06:55:09] install.log.INFO: intl found in loaded extensions [] []
[2025-03-03 06:55:09] install.log.INFO: Checking if curl exists in loaded extensions [] []
[2025-03-03 06:55:09] install.log.INFO: curl found in loaded extensions [] []
[2025-03-03 06:55:09] install.log.INFO: Checking if json exists in loaded extensions [] []
[2025-03-03 06:55:09] install.log.INFO: json found in loaded extensions [] []
[2025-03-03 06:55:09] install.log.INFO: Checking if gd exists in loaded extensions [] []
[2025-03-03 06:55:09] install.log.INFO: gd found in loaded extensions [] []
[2025-03-03 06:55:09] install.log.INFO: Checking if mbstring exists in loaded extensions [] []
[2025-03-03 06:55:09] install.log.INFO: mbstring found in loaded extensions [] []
[2025-03-03 06:55:09] install.log.INFO: Checking if mysqli exists in loaded extensions [] []
[2025-03-03 06:55:09] install.log.INFO: mysqli found in loaded extensions [] []
[2025-03-03 06:55:09] install.log.INFO: Checking if pdo_mysql exists in loaded extensions [] []
[2025-03-03 06:55:09] install.log.INFO: pdo_mysql found in loaded extensions [] []
[2025-03-03 06:55:09] install.log.INFO: Checking if openssl exists in loaded extensions [] []
[2025-03-03 06:55:09] install.log.INFO: openssl found in loaded extensions [] []
[2025-03-03 06:55:09] install.log.INFO: Checking if soap exists in loaded extensions [] []
[2025-03-03 06:55:09] install.log.INFO: soap found in loaded extensions [] []
[2025-03-03 06:55:09] install.log.INFO: Checking if xml exists in loaded extensions [] []
[2025-03-03 06:55:09] install.log.INFO: xml found in loaded extensions [] []
[2025-03-03 06:55:09] install.log.INFO: Checking if zip exists in loaded extensions [] []
[2025-03-03 06:55:09] install.log.INFO: zip found in loaded extensions [] []
[2025-03-03 06:55:09] install.log.INFO: Starting PHP Checks [] []
[2025-03-03 06:55:09] install.log.INFO: Checking PHP Version [] []
[2025-03-03 06:55:09] install.log.INFO: PHP Version Compatible:8.2.27 [] []
[2025-03-03 06:55:09] install.log.INFO: Checking PHP Memory Limit [] []
[2025-03-03 06:55:09] install.log.INFO: PHP Memory Limit is above minimum. [] []
[2025-03-03 06:55:09] install.log.INFO: Checking does Sushosin allow to use upload [] []
[2025-03-03 06:55:09] install.log.INFO: Sushosin allows use of Upload [] []
[2025-03-03 06:55:09] install.log.INFO: Running Permission Checks [] []
[2025-03-03 06:55:09] install.log.INFO: Checking if root is writable [] []
[2025-03-03 06:55:09] install.log.INFO: Root exists and is writable [] []
[2025-03-03 06:55:09] install.log.INFO: Checking if Custom Dir is writable [] []
[2025-03-03 06:55:09] install.log.INFO: Custom Dir is writable [] []
[2025-03-03 06:55:09] install.log.INFO: Checking if Upload Dir is Writable [] []
[2025-03-03 06:55:09] install.log.INFO: Upload Dir is writable [] []
[2025-03-03 06:55:09] install.log.INFO: Checking Legacy Cache Sub Dirs are writable [] []
[2025-03-03 06:55:09] install.log.INFO: Checking if  is writable [] []
[2025-03-03 06:55:09] install.log.INFO: Checking if images is writable [] []
[2025-03-03 06:55:09] install.log.INFO: Checking if layout is writable [] []
[2025-03-03 06:55:09] install.log.INFO: Checking if pdf is writable [] []
[2025-03-03 06:55:09] install.log.INFO: Checking if xml is writable [] []
[2025-03-03 06:55:09] install.log.INFO: Checking if include/javascript is writable [] []
[2025-03-03 06:55:09] install.log.INFO: All Cache Sub Dirs writable [] []
[2025-03-03 06:55:09] install.log.INFO: Checking if config.php is writable [] []
[2025-03-03 06:55:09] install.log.ERROR: Your config.php does not exist. This will be created on install.Path Checked: legacy/config.php [] []
[2025-03-03 06:55:09] install.log.INFO: Checking MB Module Strings [] []
[2025-03-03 06:55:09] install.log.INFO: mbstrings found [] []
[2025-03-03 06:55:09] install.log.INFO: Checking if Sub Dir files are writable [] []
[2025-03-03 06:55:09] install.log.INFO: Checking logs is writable [] []
[2025-03-03 06:55:09] install.log.INFO: logs exists and is writable [] []
[2025-03-03 06:55:09] install.log.INFO: Checking cache is writable [] []
[2025-03-03 06:55:09] install.log.INFO: cache exists and is writable [] []
[2025-03-03 06:55:09] install.log.INFO: Checking extensions is writable [] []
[2025-03-03 06:55:09] install.log.INFO: extensions exists and is writable [] []
[2025-03-03 06:55:09] install.log.INFO: .env exists or is writable [] []
[2025-03-03 06:55:09] install.log.INFO: Checking secrets is writable [] []
[2025-03-03 06:55:09] install.log.INFO: secrets exists and is writable [] []
[2025-03-03 06:55:09] install.log.INFO: Checking optional loaded extensions [] []
[2025-03-03 06:55:09] install.log.INFO: Checking if imap exists in loaded extensions [] []
[2025-03-03 06:55:09] install.log.INFO: imap found in loaded extensions [] []
[2025-03-03 06:55:09] install.log.INFO: Checking if ldap exists in loaded extensions [] []
[2025-03-03 06:55:09] install.log.INFO: ldap found in loaded extensions [] []
[2025-03-03 06:55:09] install.log.INFO: Running curl for SuiteCRM Main Page [] []
[2025-03-03 06:55:09] install.log.INFO: Running curl to get SuiteCRM Instance main page. [] []
[2025-03-03 06:55:13] install.log.INFO: Successfully got SuiteCRM instance main page [] []
[2025-03-03 06:55:13] install.log.INFO:  [] []
[2025-03-03 06:55:13] install.log.INFO: Running curl for Api [] []
[2025-03-03 06:55:13] install.log.INFO: Calling Graphql api [] []
[2025-03-03 06:55:13] install.log.INFO:  [] []
[2025-03-03 06:55:13] install.log.DEBUG: Hook called: ::server_round_trip [] []
[2025-03-03 06:57:22] install.INFO: Running step: check-route-access [] []
[2025-03-03 06:57:22] install.log.INFO: Running curl for SuiteCRM Main Page [] []
[2025-03-03 06:57:22] install.log.INFO: Running curl to get SuiteCRM Instance main page. [] []
[2025-03-03 06:57:22] install.log.INFO: Successfully got SuiteCRM instance main page [] []
[2025-03-03 06:57:22] install.log.INFO:  [] []
[2025-03-03 06:57:22] install.log.INFO: Running curl for Api [] []
[2025-03-03 06:57:22] install.log.INFO: Calling Graphql api [] []
[2025-03-03 06:57:22] install.log.INFO:  [] []
[2025-03-03 06:57:22] install.INFO: step: check-route-access | status: done [] []
[2025-03-03 06:57:22] install.INFO: step: check-route-access | messages: no messages [] []
[2025-03-03 06:57:22] install.INFO: step: check-route-access | debug: no debug info [] []
[2025-03-03 06:57:22] install.INFO: Running step: check-install-lock [] []
[2025-03-03 06:57:22] install.INFO: step: check-install-lock | status: done [] []
[2025-03-03 06:57:22] install.INFO: step: check-install-lock | messages: [] []
[2025-03-03 06:57:22] install.INFO: Installer not locked. Proceeding with install [] []
[2025-03-03 06:57:22] install.INFO: step: check-install-lock | debug: no debug info [] []
[2025-03-03 06:57:22] install.INFO: Running step: check-db-connection [] []
[2025-03-03 06:57:22] install.INFO: step: check-db-connection | status: done [] []
[2025-03-03 06:57:22] install.INFO: step: check-db-connection | messages: [] []
[2025-03-03 06:57:22] install.INFO: DB credentials ok [] []
[2025-03-03 06:57:22] install.INFO: step: check-db-connection | debug: no debug info [] []
[2025-03-03 06:57:22] install.INFO: Running step: install-system-checks [] []
[2025-03-03 06:57:22] install.INFO: step: install-system-checks | status: done [] []
[2025-03-03 06:57:22] install.INFO: step: install-system-checks | messages: no messages [] []
[2025-03-03 06:57:22] install.INFO: step: install-system-checks | debug: no debug info [] []
[2025-03-03 06:57:22] install.INFO: Running step: create-config [] []
[2025-03-03 06:57:22] install.INFO: step: create-config | status: done [] []
[2025-03-03 06:57:22] install.INFO: step: create-config | messages: [] []
[2025-03-03 06:57:22] install.INFO: Created silent install config: config_si.php [] []
[2025-03-03 06:57:22] install.INFO: step: create-config | debug: no debug info [] []
[2025-03-03 06:57:22] install.INFO: Running step: create-env [] []
[2025-03-03 06:57:22] install.INFO: step: create-env | status: done [] []
[2025-03-03 06:57:22] install.INFO: step: create-env | messages: [] []
[2025-03-03 06:57:22] install.INFO: Created .env.local [] []
[2025-03-03 06:57:22] install.INFO: Added randomly generated APP_SECRET [] []
[2025-03-03 06:57:22] install.INFO: step: create-env | debug: no debug info [] []
[2025-03-03 06:57:22] install.INFO: Running step: run-legacy-install [] []
[2025-03-62 06:57:23] install.FATAL: Begin DB Check Process *************
[2025-03-62 06:57:23] install.FATAL: testing with mysql:mysqli
[2025-03-62 06:57:23] install.FATAL: Basic form info is valid, continuing Process.
[2025-03-62 06:57:23] install.FATAL: Testing user account...
[2025-03-62 06:57:23] install.FATAL: Connection made using  host: localhost, usr: root
[2025-03-62 06:57:23] install.FATAL: ERROR: Cannot create writable dir cache/upload/import
[2025-03-62 06:57:23] install.FATAL: installerHook: Info: custom/install/install_hooks.php not present, no custom hooks to execute
[2025-03-62 06:57:50] install.SECURITY: OutboundEmail::checkSavePermissions - not logged in - skipping check
[2025-03-62 06:57:50] install.FATAL: User update error: Temp User is not retrieved at ID 1, boolean given
[2025-03-62 06:57:50] install.FATAL: Email address save error
[2025-03-62 06:58:03] install.SECURITY: Invalid ext  logger_file_ext : ''.
[2025-03-62 06:58:03] install.SECURITY: Setting logger_file_ext to '.log'.
[2025-03-62 06:58:03] install.SECURITY: Setting logger_file_name to ''.
[2025-03-62 06:58:03] install.SECURITY: Log file extension can't be blank.
[2025-03-62 06:58:03] install.SECURITY: Setting logger_file_name to ''.
[2025-03-62 06:58:03] install.SECURITY: Log file extension can't be blank.
[2025-03-03 06:58:03] install.INFO: step: run-legacy-install | status: done [] []
[2025-03-03 06:58:03] install.INFO: step: run-legacy-install | messages: [] []
[2025-03-03 06:58:03] install.INFO: SuiteCRM Installation Completed [] []
[2025-03-03 06:58:03] install.INFO: step: run-legacy-install | debug: [] []
[2025-03-03 06:58:03] install.INFO: Not able to make writable: /public/legacy/config.php [] []
[2025-03-03 06:58:03] install.INFO: install status: {"message":"Starting \"perform setup\" install step","command":null} [] []
[2025-03-03 06:58:03] install.INFO: install status: {"message":"Starting \"perform setup\" install stepConfigurating relationships...","command":null} [] []
[2025-03-03 06:58:03] install.INFO: calling handleSugarConfig() [] []
[2025-03-03 06:58:03] install.INFO:  (config.php) [] []
[2025-03-03 06:58:03] install.INFO: Saved sugar_config to file [] []
[2025-03-03 06:58:03] install.INFO: calling handleHtaccess() [] []
[2025-03-03 06:58:03] install.INFO: Creating SuiteCRM application tables, audit tables and relationship metadata [] []
[2025-03-03 06:58:03] install.INFO: calling handleDbCreateDatabase() [] []
[2025-03-03 06:58:03] install.INFO: install status: {"message":"Starting \"perform setup\" install stepConfigurating relationships...[ok]<br>Create database","command":null} [] []
[2025-03-03 06:58:03] install.INFO: looping through all the Beans and create their tables [] []
[2025-03-03 06:58:03] install.INFO: processing table acl_actions [] []
[2025-03-03 06:58:03] install.INFO: creating table acl_actions [] []
[2025-03-03 06:58:03] install.INFO: creating Relationship Meta for ACLAction [] []
[2025-03-03 06:58:03] install.INFO: processing table acl_roles [] []
[2025-03-03 06:58:03] install.INFO: creating table acl_roles [] []
[2025-03-03 06:58:03] install.INFO: creating Relationship Meta for ACLRole [] []
[2025-03-03 06:58:03] install.INFO: processing table relationships [] []
[2025-03-03 06:58:03] install.INFO: creating table relationships [] []
[2025-03-03 06:58:03] install.INFO: creating Relationship Meta for Relationship [] []
[2025-03-03 06:58:03] install.INFO: processing table leads [] []
[2025-03-03 06:58:03] install.INFO: creating table leads [] []
[2025-03-03 06:58:03] install.INFO: creating Relationship Meta for Lead [] []
[2025-03-03 06:58:03] install.INFO: processing table cases [] []
[2025-03-03 06:58:03] install.INFO: creating table cases [] []
[2025-03-03 06:58:03] install.INFO: creating Relationship Meta for Case [] []
[2025-03-03 06:58:03] install.INFO: processing table bugs [] []
[2025-03-03 06:58:03] install.INFO: creating table bugs [] []
[2025-03-03 06:58:03] install.INFO: creating Relationship Meta for Bug [] []
[2025-03-03 06:58:03] install.INFO: processing table users [] []
[2025-03-03 06:58:03] install.INFO: creating table users [] []
[2025-03-03 06:58:03] install.INFO: creating Relationship Meta for User [] []
[2025-03-03 06:58:03] install.INFO: processing table campaign_log [] []
[2025-03-03 06:58:03] install.INFO: creating table campaign_log [] []
[2025-03-03 06:58:03] install.INFO: creating Relationship Meta for CampaignLog [] []
[2025-03-03 06:58:03] install.INFO: processing table project [] []
[2025-03-03 06:58:03] install.INFO: creating table project [] []
[2025-03-03 06:58:03] install.INFO: creating Relationship Meta for Project [] []
[2025-03-03 06:58:03] install.INFO: processing table project_task [] []
[2025-03-03 06:58:03] install.INFO: creating table project_task [] []
[2025-03-03 06:58:03] install.INFO: creating Relationship Meta for ProjectTask [] []
[2025-03-03 06:58:03] install.INFO: processing table campaigns [] []
[2025-03-03 06:58:03] install.INFO: creating table campaigns [] []
[2025-03-03 06:58:03] install.INFO: creating Relationship Meta for Campaign [] []
[2025-03-03 06:58:03] install.INFO: processing table prospect_lists [] []
[2025-03-03 06:58:03] install.INFO: creating table prospect_lists [] []
[2025-03-03 06:58:03] install.INFO: creating Relationship Meta for ProspectList [] []
[2025-03-03 06:58:03] install.INFO: processing table prospects [] []
[2025-03-03 06:58:03] install.INFO: creating table prospects [] []
[2025-03-03 06:58:03] install.INFO: creating Relationship Meta for Prospect [] []
[2025-03-03 06:58:03] install.INFO: processing table email_marketing [] []
[2025-03-03 06:58:03] install.INFO: creating table email_marketing [] []
[2025-03-03 06:58:03] install.INFO: creating Relationship Meta for EmailMarketing [] []
[2025-03-03 06:58:03] install.INFO: processing table campaign_trkrs [] []
[2025-03-03 06:58:03] install.INFO: creating table campaign_trkrs [] []
[2025-03-03 06:58:03] install.INFO: creating Relationship Meta for CampaignTracker [] []
[2025-03-03 06:58:03] install.INFO: processing table releases [] []
[2025-03-03 06:58:03] install.INFO: creating table releases [] []
[2025-03-03 06:58:03] install.INFO: creating Relationship Meta for Release [] []
[2025-03-03 06:58:03] install.INFO: processing table emailman [] []
[2025-03-03 06:58:03] install.INFO: creating table emailman [] []
[2025-03-03 06:58:03] install.INFO: creating Relationship Meta for EmailMan [] []
[2025-03-03 06:58:03] install.INFO: processing table schedulers [] []
[2025-03-03 06:58:03] install.INFO: creating table schedulers [] []
[2025-03-03 06:58:03] install.INFO: creating Relationship Meta for Scheduler [] []
[2025-03-03 06:58:03] install.INFO: processing table job_queue [] []
[2025-03-03 06:58:03] install.INFO: creating table job_queue [] []
[2025-03-03 06:58:03] install.INFO: creating Relationship Meta for SchedulersJob [] []
[2025-03-03 06:58:03] install.INFO: processing table contacts [] []
[2025-03-03 06:58:03] install.INFO: creating table contacts [] []
[2025-03-03 06:58:03] install.INFO: creating Relationship Meta for Contact [] []
[2025-03-03 06:58:03] install.INFO: processing table accounts [] []
[2025-03-03 06:58:03] install.INFO: creating table accounts [] []
[2025-03-03 06:58:03] install.INFO: creating Relationship Meta for Account [] []
[2025-03-03 06:58:03] install.INFO: processing table opportunities [] []
[2025-03-03 06:58:03] install.INFO: creating table opportunities [] []
[2025-03-03 06:58:03] install.INFO: creating Relationship Meta for Opportunity [] []
[2025-03-03 06:58:03] install.INFO: processing table email_templates [] []
[2025-03-03 06:58:03] install.INFO: creating table email_templates [] []
[2025-03-03 06:58:03] install.INFO: creating Relationship Meta for EmailTemplate [] []
[2025-03-03 06:58:03] install.INFO: processing table notes [] []
[2025-03-03 06:58:03] install.INFO: creating table notes [] []
[2025-03-03 06:58:03] install.INFO: creating Relationship Meta for Note [] []
[2025-03-03 06:58:03] install.INFO: processing table calls [] []
[2025-03-03 06:58:03] install.INFO: creating table calls [] []
[2025-03-03 06:58:03] install.INFO: creating Relationship Meta for Call [] []
[2025-03-03 06:58:03] install.INFO: processing table emails [] []
[2025-03-03 06:58:03] install.INFO: creating table emails [] []
[2025-03-03 06:58:03] install.INFO: creating Relationship Meta for Email [] []
[2025-03-03 06:58:03] install.INFO: processing table meetings [] []
[2025-03-03 06:58:03] install.INFO: creating table meetings [] []
[2025-03-03 06:58:03] install.INFO: creating Relationship Meta for Meeting [] []
[2025-03-03 06:58:03] install.INFO: processing table tasks [] []
[2025-03-03 06:58:03] install.INFO: creating table tasks [] []
[2025-03-03 06:58:03] install.INFO: creating Relationship Meta for Task [] []
[2025-03-03 06:58:03] install.INFO: processing table users [] []
[2025-03-03 06:58:03] install.INFO: processing table users [] []
[2025-03-03 06:58:03] install.INFO: processing table currencies [] []
[2025-03-03 06:58:03] install.INFO: creating table currencies [] []
[2025-03-03 06:58:03] install.INFO: creating Relationship Meta for Currency [] []
[2025-03-03 06:58:03] install.INFO: processing table tracker [] []
[2025-03-03 06:58:03] install.INFO: creating table tracker [] []
[2025-03-03 06:58:03] install.INFO: creating Relationship Meta for Tracker [] []
[2025-03-03 06:58:03] install.INFO: processing table import_maps [] []
[2025-03-03 06:58:03] install.INFO: creating table import_maps [] []
[2025-03-03 06:58:03] install.INFO: creating Relationship Meta for ImportMap [] []
[2025-03-03 06:58:03] install.INFO: processing table users_last_import [] []
[2025-03-03 06:58:03] install.INFO: creating table users_last_import [] []
[2025-03-03 06:58:03] install.INFO: creating Relationship Meta for UsersLastImport [] []
[2025-03-03 06:58:03] install.INFO: processing table config [] []
[2025-03-03 06:58:03] install.INFO: creating table config [] []
[2025-03-03 06:58:03] install.INFO: creating Relationship Meta for Administration [] []
[2025-03-03 06:58:03] install.INFO: processing table upgrade_history [] []
[2025-03-03 06:58:03] install.INFO: creating table upgrade_history [] []
[2025-03-03 06:58:03] install.INFO: creating Relationship Meta for UpgradeHistory [] []
[2025-03-03 06:58:03] install.INFO: processing table vcals [] []
[2025-03-03 06:58:03] install.INFO: creating table vcals [] []
[2025-03-03 06:58:03] install.INFO: creating Relationship Meta for vCal [] []
[2025-03-03 06:58:03] install.INFO: processing table alerts [] []
[2025-03-03 06:58:03] install.INFO: creating table alerts [] []
[2025-03-03 06:58:03] install.INFO: creating Relationship Meta for Alert [] []
[2025-03-03 06:58:03] install.INFO: processing table roles [] []
[2025-03-03 06:58:03] install.INFO: creating table roles [] []
[2025-03-03 06:58:03] install.INFO: creating Relationship Meta for Role [] []
[2025-03-03 06:58:03] install.INFO: processing table documents [] []
[2025-03-03 06:58:03] install.INFO: creating table documents [] []
[2025-03-03 06:58:03] install.INFO: creating Relationship Meta for Document [] []
[2025-03-03 06:58:03] install.INFO: processing table document_revisions [] []
[2025-03-03 06:58:03] install.INFO: creating table document_revisions [] []
[2025-03-03 06:58:03] install.INFO: creating Relationship Meta for DocumentRevision [] []
[2025-03-03 06:58:03] install.INFO: processing table fields_meta_data [] []
[2025-03-03 06:58:03] install.INFO: creating table fields_meta_data [] []
[2025-03-03 06:58:03] install.INFO: creating Relationship Meta for FieldsMetaData [] []
[2025-03-03 06:58:03] install.INFO: processing table  [] []
[2025-03-03 06:58:03] install.INFO: processing table inbound_email [] []
[2025-03-03 06:58:03] install.INFO: creating table inbound_email [] []
[2025-03-03 06:58:03] install.INFO: creating Relationship Meta for InboundEmail [] []
[2025-03-03 06:58:03] install.INFO: processing table saved_search [] []
[2025-03-03 06:58:03] install.INFO: creating table saved_search [] []
[2025-03-03 06:58:03] install.INFO: creating Relationship Meta for SavedSearch [] []
[2025-03-03 06:58:03] install.INFO: processing table user_preferences [] []
[2025-03-03 06:58:03] install.INFO: creating table user_preferences [] []
[2025-03-03 06:58:03] install.INFO: creating Relationship Meta for UserPreference [] []
[2025-03-03 06:58:03] install.INFO: processing table  [] []
[2025-03-03 06:58:03] install.INFO: processing table email_addresses [] []
[2025-03-03 06:58:03] install.INFO: creating table email_addresses [] []
[2025-03-03 06:58:03] install.INFO: creating Relationship Meta for EmailAddress [] []
[2025-03-03 06:58:03] install.INFO: processing table emails_text [] []
[2025-03-03 06:58:03] install.INFO: creating table emails_text [] []
[2025-03-03 06:58:03] install.INFO: creating Relationship Meta for EmailText [] []
[2025-03-03 06:58:03] install.INFO: processing table aobh_businesshours [] []
[2025-03-03 06:58:03] install.INFO: creating table aobh_businesshours [] []
[2025-03-03 06:58:03] install.INFO: creating Relationship Meta for AOBH_BusinessHours [] []
[2025-03-03 06:58:03] install.INFO: processing table sugarfeed [] []
[2025-03-03 06:58:03] install.INFO: creating table sugarfeed [] []
[2025-03-03 06:58:03] install.INFO: creating Relationship Meta for SugarFeed [] []
[2025-03-03 06:58:03] install.INFO: processing table eapm [] []
[2025-03-03 06:58:03] install.INFO: creating table eapm [] []
[2025-03-03 06:58:03] install.INFO: creating Relationship Meta for EAPM [] []
[2025-03-03 06:58:03] install.INFO: processing table oauth_consumer [] []
[2025-03-03 06:58:03] install.INFO: creating table oauth_consumer [] []
[2025-03-03 06:58:03] install.INFO: creating Relationship Meta for OAuthKey [] []
[2025-03-03 06:58:03] install.INFO: processing table oauth_tokens [] []
[2025-03-03 06:58:03] install.INFO: creating table oauth_tokens [] []
[2025-03-03 06:58:03] install.INFO: creating Relationship Meta for OAuthToken [] []
[2025-03-03 06:58:03] install.INFO: processing table am_projecttemplates [] []
[2025-03-03 06:58:03] install.INFO: creating table am_projecttemplates [] []
[2025-03-03 06:58:03] install.INFO: creating Relationship Meta for AM_ProjectTemplates [] []
[2025-03-03 06:58:03] install.INFO: processing table am_tasktemplates [] []
[2025-03-03 06:58:03] install.INFO: creating table am_tasktemplates [] []
[2025-03-03 06:58:03] install.INFO: creating Relationship Meta for AM_TaskTemplates [] []
[2025-03-03 06:58:03] install.INFO: processing table favorites [] []
[2025-03-03 06:58:03] install.INFO: creating table favorites [] []
[2025-03-03 06:58:03] install.INFO: creating Relationship Meta for Favorites [] []
[2025-03-03 06:58:03] install.INFO: processing table aok_knowledge_base_categories [] []
[2025-03-03 06:58:03] install.INFO: creating table aok_knowledge_base_categories [] []
[2025-03-03 06:58:03] install.INFO: creating Relationship Meta for AOK_Knowledge_Base_Categories [] []
[2025-03-03 06:58:03] install.INFO: processing table aok_knowledgebase [] []
[2025-03-03 06:58:03] install.INFO: creating table aok_knowledgebase [] []
[2025-03-03 06:58:03] install.INFO: creating Relationship Meta for AOK_KnowledgeBase [] []
[2025-03-03 06:58:03] install.INFO: processing table reminders [] []
[2025-03-03 06:58:03] install.INFO: creating table reminders [] []
[2025-03-03 06:58:03] install.INFO: creating Relationship Meta for Reminder [] []
[2025-03-03 06:58:03] install.INFO: processing table reminders_invitees [] []
[2025-03-03 06:58:03] install.INFO: creating table reminders_invitees [] []
[2025-03-03 06:58:03] install.INFO: creating Relationship Meta for Reminder_Invitee [] []
[2025-03-03 06:58:03] install.INFO: processing table fp_events [] []
[2025-03-03 06:58:03] install.INFO: creating table fp_events [] []
[2025-03-03 06:58:03] install.INFO: creating Relationship Meta for FP_events [] []
[2025-03-03 06:58:03] install.INFO: processing table fp_event_locations [] []
[2025-03-03 06:58:03] install.INFO: creating table fp_event_locations [] []
[2025-03-03 06:58:03] install.INFO: creating Relationship Meta for FP_Event_Locations [] []
[2025-03-03 06:58:03] install.INFO: processing table aop_case_events [] []
[2025-03-03 06:58:03] install.INFO: creating table aop_case_events [] []
[2025-03-03 06:58:03] install.INFO: creating Relationship Meta for AOP_Case_Events [] []
[2025-03-03 06:58:03] install.INFO: processing table aop_case_updates [] []
[2025-03-03 06:58:03] install.INFO: creating table aop_case_updates [] []
[2025-03-03 06:58:03] install.INFO: creating Relationship Meta for AOP_Case_Updates [] []
[2025-03-03 06:58:03] install.INFO: processing table aor_reports [] []
[2025-03-03 06:58:03] install.INFO: creating table aor_reports [] []
[2025-03-03 06:58:03] install.INFO: creating Relationship Meta for AOR_Report [] []
[2025-03-03 06:58:03] install.INFO: processing table aor_fields [] []
[2025-03-03 06:58:03] install.INFO: creating table aor_fields [] []
[2025-03-03 06:58:03] install.INFO: creating Relationship Meta for AOR_Field [] []
[2025-03-03 06:58:03] install.INFO: processing table aor_charts [] []
[2025-03-03 06:58:03] install.INFO: creating table aor_charts [] []
[2025-03-03 06:58:03] install.INFO: creating Relationship Meta for AOR_Chart [] []
[2025-03-03 06:58:03] install.INFO: processing table aor_conditions [] []
[2025-03-03 06:58:03] install.INFO: creating table aor_conditions [] []
[2025-03-03 06:58:03] install.INFO: creating Relationship Meta for AOR_Condition [] []
[2025-03-03 06:58:03] install.INFO: processing table aor_scheduled_reports [] []
[2025-03-03 06:58:03] install.INFO: creating table aor_scheduled_reports [] []
[2025-03-03 06:58:03] install.INFO: creating Relationship Meta for AOR_Scheduled_Reports [] []
[2025-03-03 06:58:03] install.INFO: processing table aos_contracts [] []
[2025-03-03 06:58:03] install.INFO: creating table aos_contracts [] []
[2025-03-03 06:58:03] install.INFO: creating Relationship Meta for AOS_Contracts [] []
[2025-03-03 06:58:03] install.INFO: processing table aos_invoices [] []
[2025-03-03 06:58:03] install.INFO: creating table aos_invoices [] []
[2025-03-03 06:58:03] install.INFO: creating Relationship Meta for AOS_Invoices [] []
[2025-03-03 06:58:03] install.INFO: processing table aos_pdf_templates [] []
[2025-03-03 06:58:03] install.INFO: creating table aos_pdf_templates [] []
[2025-03-03 06:58:03] install.INFO: creating Relationship Meta for AOS_PDF_Templates [] []
[2025-03-03 06:58:03] install.INFO: processing table aos_product_categories [] []
[2025-03-03 06:58:03] install.INFO: creating table aos_product_categories [] []
[2025-03-03 06:58:03] install.INFO: creating Relationship Meta for AOS_Product_Categories [] []
[2025-03-03 06:58:03] install.INFO: processing table aos_products [] []
[2025-03-03 06:58:03] install.INFO: creating table aos_products [] []
[2025-03-03 06:58:03] install.INFO: creating Relationship Meta for AOS_Products [] []
[2025-03-03 06:58:03] install.INFO: processing table aos_products_quotes [] []
[2025-03-03 06:58:03] install.INFO: creating table aos_products_quotes [] []
[2025-03-03 06:58:03] install.INFO: creating Relationship Meta for AOS_Products_Quotes [] []
[2025-03-03 06:58:03] install.INFO: processing table aos_line_item_groups [] []
[2025-03-03 06:58:03] install.INFO: creating table aos_line_item_groups [] []
[2025-03-03 06:58:03] install.INFO: creating Relationship Meta for AOS_Line_Item_Groups [] []
[2025-03-03 06:58:03] install.INFO: processing table aos_quotes [] []
[2025-03-03 06:58:03] install.INFO: creating table aos_quotes [] []
[2025-03-03 06:58:03] install.INFO: creating Relationship Meta for AOS_Quotes [] []
[2025-03-03 06:58:03] install.INFO: processing table aow_actions [] []
[2025-03-03 06:58:03] install.INFO: creating table aow_actions [] []
[2025-03-03 06:58:03] install.INFO: creating Relationship Meta for AOW_Action [] []
[2025-03-03 06:58:03] install.INFO: processing table aow_workflow [] []
[2025-03-03 06:58:03] install.INFO: creating table aow_workflow [] []
[2025-03-03 06:58:03] install.INFO: creating Relationship Meta for AOW_WorkFlow [] []
[2025-03-03 06:58:03] install.INFO: processing table aow_processed [] []
[2025-03-03 06:58:03] install.INFO: creating table aow_processed [] []
[2025-03-03 06:58:03] install.INFO: creating Relationship Meta for AOW_Processed [] []
[2025-03-03 06:58:03] install.INFO: processing table aow_conditions [] []
[2025-03-03 06:58:03] install.INFO: creating table aow_conditions [] []
[2025-03-03 06:58:03] install.INFO: creating Relationship Meta for AOW_Condition [] []
[2025-03-03 06:58:03] install.INFO: processing table jjwg_maps [] []
[2025-03-03 06:58:03] install.INFO: creating table jjwg_maps [] []
[2025-03-03 06:58:03] install.INFO: creating Relationship Meta for jjwg_Maps [] []
[2025-03-03 06:58:03] install.INFO: processing table jjwg_markers [] []
[2025-03-03 06:58:03] install.INFO: creating table jjwg_markers [] []
[2025-03-03 06:58:03] install.INFO: creating Relationship Meta for jjwg_Markers [] []
[2025-03-03 06:58:03] install.INFO: processing table jjwg_areas [] []
[2025-03-03 06:58:03] install.INFO: creating table jjwg_areas [] []
[2025-03-03 06:58:03] install.INFO: creating Relationship Meta for jjwg_Areas [] []
[2025-03-03 06:58:03] install.INFO: processing table jjwg_address_cache [] []
[2025-03-03 06:58:03] install.INFO: creating table jjwg_address_cache [] []
[2025-03-03 06:58:03] install.INFO: creating Relationship Meta for jjwg_Address_Cache [] []
[2025-03-03 06:58:03] install.INFO: processing table calls_reschedule [] []
[2025-03-03 06:58:03] install.INFO: creating table calls_reschedule [] []
[2025-03-03 06:58:03] install.INFO: creating Relationship Meta for Calls_Reschedule [] []
[2025-03-03 06:58:03] install.INFO: processing table securitygroups [] []
[2025-03-03 06:58:03] install.INFO: creating table securitygroups [] []
[2025-03-03 06:58:03] install.INFO: creating Relationship Meta for SecurityGroup [] []
[2025-03-03 06:58:03] install.INFO: processing table outbound_email [] []
[2025-03-03 06:58:03] install.INFO: creating table outbound_email [] []
[2025-03-03 06:58:03] install.INFO: creating Relationship Meta for OutboundEmailAccounts [] []
[2025-03-03 06:58:03] install.INFO: processing table external_oauth_connections [] []
[2025-03-03 06:58:03] install.INFO: creating table external_oauth_connections [] []
[2025-03-03 06:58:03] install.INFO: creating Relationship Meta for ExternalOAuthConnection [] []
[2025-03-03 06:58:03] install.INFO: processing table external_oauth_providers [] []
[2025-03-03 06:58:03] install.INFO: creating table external_oauth_providers [] []
[2025-03-03 06:58:03] install.INFO: creating Relationship Meta for ExternalOAuthProvider [] []
[2025-03-03 06:58:03] install.INFO: processing table templatesectionline [] []
[2025-03-03 06:58:03] install.INFO: creating table templatesectionline [] []
[2025-03-03 06:58:03] install.INFO: creating Relationship Meta for TemplateSectionLine [] []
[2025-03-03 06:58:03] install.INFO: processing table oauth2tokens [] []
[2025-03-03 06:58:03] install.INFO: creating table oauth2tokens [] []
[2025-03-03 06:58:03] install.INFO: creating Relationship Meta for OAuth2Tokens [] []
[2025-03-03 06:58:03] install.INFO: processing table oauth2clients [] []
[2025-03-03 06:58:03] install.INFO: creating table oauth2clients [] []
[2025-03-03 06:58:03] install.INFO: creating Relationship Meta for OAuth2Clients [] []
[2025-03-03 06:58:03] install.INFO: processing table surveyresponses [] []
[2025-03-03 06:58:03] install.INFO: creating table surveyresponses [] []
[2025-03-03 06:58:03] install.INFO: creating Relationship Meta for SurveyResponses [] []
[2025-03-03 06:58:03] install.INFO: processing table surveys [] []
[2025-03-03 06:58:03] install.INFO: creating table surveys [] []
[2025-03-03 06:58:03] install.INFO: creating Relationship Meta for Surveys [] []
[2025-03-03 06:58:03] install.INFO: processing table surveyquestionresponses [] []
[2025-03-03 06:58:03] install.INFO: creating table surveyquestionresponses [] []
[2025-03-03 06:58:03] install.INFO: creating Relationship Meta for SurveyQuestionResponses [] []
[2025-03-03 06:58:03] install.INFO: processing table surveyquestions [] []
[2025-03-03 06:58:03] install.INFO: creating table surveyquestions [] []
[2025-03-03 06:58:03] install.INFO: creating Relationship Meta for SurveyQuestions [] []
[2025-03-03 06:58:03] install.INFO: processing table surveyquestionoptions [] []
[2025-03-03 06:58:03] install.INFO: creating table surveyquestionoptions [] []
[2025-03-03 06:58:03] install.INFO: creating Relationship Meta for SurveyQuestionOptions [] []
[2025-03-03 06:58:03] install.INFO: install status: {"message":"Starting \"perform setup\" install stepConfigurating relationships...[ok]<br>Create database[ok]<br>Create default settings...","command":null} [] []
[2025-03-03 06:58:03] install.INFO: Begin creating default SuiteCRM data [] []
[2025-03-03 06:58:03] install.INFO: insert defaults into config table [] []
[2025-03-03 06:58:03] install.INFO: Creating default users [] []
[2025-03-03 06:58:03] install.INFO: Creating default users - done [] []
[2025-03-03 06:58:03] install.INFO: Creating default scheduler jobs [] []
[2025-03-03 06:58:03] install.INFO: Creating default scheduler jobs - done [] []
[2025-03-03 06:58:03] install.INFO: Enable SugarFeeds [] []
[2025-03-03 06:58:03] install.INFO: Creating WorkFlow logic hook [] []
[2025-03-03 06:58:03] install.INFO: Installation has completed ********* [] []
[2025-03-03 06:58:03] install.INFO: Approximate memory used: 27595984 bytes. [] []
[2025-03-03 06:58:03] install.INFO: install status: {"message":"Starting \"perform setup\" install stepConfigurating relationships...[ok]<br>Create database[ok]<br>Create default settings...[ok]<br>Install database steps finished...","command":null} [] []
[2025-03-03 06:58:03] install.INFO: Save configuration settings.. [] []
[2025-03-03 06:58:03] install.INFO: save locale [] []
[2025-03-03 06:58:03] install.INFO: new Administration [] []
[2025-03-03 06:58:03] install.INFO: retrieveSettings [] []
[2025-03-03 06:58:03] install.INFO: AdminWizard OFF [] []
[2025-03-03 06:58:03] install.INFO: saveConfig [] []
[2025-03-03 06:58:03] install.INFO: new Configurator [] []
[2025-03-03 06:58:03] install.INFO: populateFromPost [] []
[2025-03-03 06:58:03] install.INFO: handleOverride [] []
[2025-03-03 06:58:03] install.INFO: addCronAllowedUser [] []
[2025-03-03 06:58:03] install.INFO: saveConfig [] []
[2025-03-03 06:58:03] install.INFO: new Currency [] []
[2025-03-03 06:58:03] install.INFO: retrieve [] []
[2025-03-03 06:58:03] install.INFO: Save currency [] []
[2025-03-03 06:58:03] install.INFO: Save user settings.. [] []
[2025-03-03 06:58:03] install.INFO: DBG: SugarThemeRegistry::getDefault [] []
[2025-03-03 06:58:03] install.INFO: install status: {"message":"Starting \"perform setup\" install stepConfigurating relationships...[ok]<br>Create database[ok]<br>Create default settings...[ok]<br>Install database steps finished...[ok]<br>Installation process finished","command":null} [] []
